main()
{
    int A[3]
    int B[30000000000000000000]  
    repeat i from 0 to 3.3.2
    {
        A[i] is 12*i
        B[i] is 2*i
    }
    int sumA!
    int su.mB
    $ This is a comment
    repeat i from 0 to 3a
    {
        sumA is sumA + A[i]
        sumB is sumB + B[i]
    }
    write("Sum of 1st Array = )
    write(c)
    write(" Sum of 2nd Array = ")
    write(d)
    write("Total Sum = ")
    int qwertyuiopasdfghjklzxcvbnasdasd
    int e
    e is sumA + sumB
    write(e)
    return
}
